100
100
PPPPPPPPPPPPPPPPPPPPPPPPPPPPPPPPPPPPPPPPPPPPPPPPPPPPPPPPPPPPPPPPPPPPPPPPPPPPPPPPPPPPPPPPPPPPPPPPPPPP
PPPPPPPPPPPPPPPPPPPPPPPPPPPPPPPPPPPPPPPPPPPPPPPPPPPPPPPPPPPPPPPPPPPPPPPPPPPPPPPPPPPPPPPPPPPPPPPPPPPP
PPPPPPPPPPPPPPPPPPPPPPPPPPPPPPPPPPPPPPPPPPPPPPPPPPPPPPPPPPPPPPPPPPPPPPPPPPPPPPPPPPPPPPPPPPPPPPPPPPPP
PPPTTTTTTTTTTTTTTTTTTTTTTTTAATTSSTTTTTTTTTTTTTTTTTTTTTTTTTTTTSSTTTTTTSSTTTTTTTTTTTTTTTTTTTTTTTTTTPPP
PPPTTTTKTTTTTTTTTTTTTTTTTTTTAATTSSTTTTTTTTTTTTTTTTTTTTTTTTTTTTSSTTTTSSSSTTTTTTTTTTTTTTTTTTTTTTTTTPPP
PPPTTTTTTTTTTSSTTTTTTTTTTTTTAATTSSTTTTTTTTTTTTTTTTTTTTTTTTTTTTTSSTTTSSSSTTTTTTTTTTTTTTTTTTTTTTTTTPPP
PPPTTTSTSTSTSSSSTTTTTTTTTTTAATTTSSTTTTTTTTTTTTTTTTTTTTTTTTTTTTTTSSTTSSSSTTTTTTTTTTTTTTTTTTTTTTTTTPPP
PPPTTSSSSSSSSTTSSTTTTSSTTTAAKTTSSTTTTTTTTTTTTTTTTTTTTTTTTTTTTTTSSTTTSSTTTTTTTTTTTTTTTTTTTTTTTTTTTPPP
PPPPPSSPPPPPPPPSSPPPPPPPPPPPPPPPPPPPPPPPPPSSSTSTSTSTTTTTTTTTTTTSSTTSSSSTTTTTTTTTTTTTTTTTTTTTTTTTTPPP
PPPSSTTTTTTTTTTTTSSSSBBSSSSAASSSSBTTTTTTTTTTTTTTTTTTTTTTTTTTTTTTSSSSTSSTTTTTTTTTTTTTTTKTTTTTTTTTTPPP
PPPTTTTTTTTTTTTTTTSTBBBBSSSSSSSSSSSSTTTTTTTTTTTTTTTTTTTTTTTTTTTTTSSSSSSTTTTTTTTTTTTTTTTTTTTTTTTTTPPP
PPPTTTTTTTTTTTTTTTTTBBBBBSBSSBSSBSSSSTTTTTTTTTTTTTTTTTTTTTTTTTTTTSSSSSSTTTTTTTTTTTTTTTTTTTTTTTTTTPPP
PPPTTTTTTTTTTTTTTTTTBBBBBBBBAABSSSTTSSSTTTTTTTTTTTTTTSSSTTTTTTTTSSTSSSSTTTTTTTTTTTTTTTTTTTTTTTTTTPPP
PPPTTTTTTTTTTTTTTTTTBBBBBBBBAABBSSTTTSSSSSTTTTTTSSSSSSSSSSSSTSTSSSTSSTTTTTTTTTTTTTTTTTTTTTTTTTTTTPPP
PPPTTTTTTTTTTTTTTTTTBBBBBBBAABBBSSTTSTSSSSSSSSSSSSSSSSAASSSSSSSSSSSTSTSSSSSSSSSSSTSTTTTSSSSTTTTTTPPP
PPPTTTTTTTTTTTTTTTTTBSSSSSAASSSSSSSSSSSTTTSSSSSSTTTTTSAAAAAASTSSSSSSSSSMSMMMMMMMSSSTTTSSSSSSSTSTSPPP
PPPTTTTTTTTTTTSSSSSSSSSSSSAASSSSSSSSTSTTTTTTTTTTTTTTTAAAAAAAATTSTSSSTSSMSSSSSSSMSSSSSSSTTTTSSSSSSPPP
PPPTTTTTTTTTSSSSSSSSSBBSSSBASSSSSSTTTTTTTTTTTTTTTTTTTAAPPPPPPPPPPPPPPPPPPPPSPPPPPPPPPPPPPPPPPPTSTPPP
PPPTTTTTTTSSSSTTTTTTBBBBBBBBAABSSBTTTTTTTTTTTTTTTTTTTAAAAAAAATTTTTSSSSSMSSSSSSSMSTTTTTSSTTTTTTTTTPPP
PPPTTTTSSSSSTTTTTTTTBBBBBBBBBAABSSTTTTTTTTTTTTTTTTTTTAAAAAAAATTTTTSSTTSMSSSSSSSMSTTTTTTSSSTSTTTTTPPP
PPPSSSSSSSTTTTTTTTTTBBBBBBBBBBBSSBTTTTTTTTTTTTTTTTTTTAAAAAAAATTTTTTSSTSMSSSSSSSMSTTTTTTTSSSSSSTSTPPP
PPPSSSSTTTTTTTTTTTTTBBBBBBBBBBSSBBTTTTTTTTTTTTTTTTTTTAAAAAAAATTTTTTSSTSMSSSSSSSMSTTTTTTTTTSTSSSSSPPP
PPPTTTTTTTTTTTTTTTTTBBBBBBBBBBSSBBTTTTTTTTTTTTTTTTTTTTTTTTTTTTTTTTTTSSSMSSSSSSSMSTTTTTTTTTTTTTSTSPPP
PPPTTTTTTTTTTTTTTTTTTTTTTTTTTTKSSTTTKTTTTTTTTTTTTTTTTTTTTTTTTTTTTTTTSSSMMMMSMMMMSTTTTTTTTTTTTTTTTPPP
PPPTTTTTTTTTTTTTTTTTTTTTTTTTTTTSSTTTTTTTTTTTTTTTTTTTTTTTTTTTTTTTTTTTSSSSSSSSSSSSSTTTTTTTTTTTTTTTTPPP
PPPTTTTTTTTTTTTTTTTTTTTTTTTTTTTSSTTTTTTTTTTTTTTTTTTTTTTTTTTTTTTTTTTSSSSTTTTTTTTTTTTTTTTTTTTTTTTTTPPP
PPPTTTTTTTTTTTTTTTTTTTTTTTTTTTTSSTTTTTBBBBBBBBBBBBBBBBTTTTTTTTTTTTTTTSSTTTTTTTTTTTTTTTTTTTTTTTTTTPPP
PPPTTTTTTTTTTTTTTTTTTTTTTTTTTTSSTTTTTTBBBBBKBBBBBBBBBBTTTTTTTTTTTTTTSSSSTTTTTTTTTTTTTTTTTTTTTTTTTPPP
PPPTTTTTTTTTTTTTTTTTTTTTTTTTTTTSSTTTTTBBBBBBBBBBBBBBBBTTTTTTTTTTTTTTTSSSSTTTKTTTTTTTTTTTTTTTTTTTTPPP
PPPTTTTTTTTTTTTTTTTTTTTTTTTTTTSSTTTTTTBBBBBBBBBBBBBBBBTTTTSSSSSSSSSSSTSSSSTTTTTTTTTTTTTTTTTTTTTTTPPP
PPPSSSMMMMMMMMMMMMTTTMMMMMMMMMMMMMMMMMMMMMMMMMMMMMMMMMMMMMMMMMMMMSMMMMMMMMMMMMMMMMMMMMMMMMMMMMSSSPPP
PPPSSSSSSTTTTTTTTTTTTTTTTTTTSSAATTTTTTBBBBBBBBBKBBBBBBTTTTSMSSSSSSSMSSSTTTSSTTTTTTTTTTTTTTTTTTTTTPPP
PPPTSSTTSSTTTTTTTTTTTTTTTTTTTSSTTTTTTTBBBBBBBBBBBBBBBBTTTTSMSSSSSSSMSSSTTTTSSTTTTTTTTTTTTTTTTTTTTPPP
PPPTTTTTTSSTTTTSSSTTTTTTTTTTSSTTTTTTTTBBBBBBBBBBBBBBBBTTTTSMSSSSSSSMSTSSSTSSTTTTTTTSTTTTTTTTTTTTTPPP
PPPTTTTTTTSSSSSSSSSTTTTTTTTSSAATTTTSTSSBBBBBBBBBBBBBBBSTTTSMSSSSSSSMSTTSSSSSSSTTSTSSSTTTTTTTTTTTTPPP
PPPTTTTTTTTSSSSTTTSSSSSTTTTTSSAATTSSSSSSSBBBSSBBBBBBBSSSSSSMSSSSSSSMSTSSTSSSSSSSSSSTSSTSTTSSSSTTTPPP
PPPTTTTTTTSTTTTTTTTSSSSSTTSTSSTAASSTSTBSSSBSSSSSBBBBSSTSSSSMSSSSSSSSSSSTSSTTTTSSTSTTTSSSSSSSSSSSSPPP
PPPTTTTTTSSSTTTTTTTTTTTSSSSSSTSTSSTTTTBBSSSSSSSSSSSSSSTTTTSMSSSSSSSMSSSSSSTTTTTTTTTTTTSTSSTTTTSSSPPP
PPPSTTTSSSTSSTSTTTTTTTTTSSTSSSSSSTTTTTBBBSSSBBSSSSSSBBTTTTSMMMMMMMMMSTTSSTTTTTTTTTTTTTTTTTTTTTTTTPPP
PPPSSSSSSTTTSSSSSTSTTSTTTTTTTSTSAATTTTBBBBBBBBBBSSSBBBTTTTSSSSSSSSSSSTSSSSTTTTTTTTTTTTTTTTTTTTTTTPPP
PPPTSSSTTTTTTSTSSSSSSSSSSTTTSSTAATTTTTBBBBBBBBBBBBBBBBTTTTTTTTTTTTTTSSTSSSSTTTTTTTTTTTTTTTTTTTTTTPPP
PPPTTTTTTTTTTTTTTSTSSTSSSSTTSSSTAATTTTBBBBBBBBBBBBBBBBTTTTTTTTTTTTTSSTSSTSSTTTTTTTTTTTTTTTTTTTTTTPPP
PPPTTTTTTTTSSSSSSSSSSSTTTSSSSSSSAASTTTTTTTTTTTTTTTTTTTTTTTTTTTTTTTTTSSTSSSSTTTTTTTTTTTTTTTTTTTTTTPPP
PPPTTTTTTTTSMMMMMMMMMSTTTTSSSSTSSSSSTTTTTTTTTTTTTTTTTTTTTTTTTTTTTTTTSSTTSSTTTTTTTTTTTTTTTTTTTTTTTPPP
PPPTTTTTTTTSMSSSSSSSMSTTTTTSSTTTSSTSSSTSTTTTTTTTTTTTTTTTTTTTTTTTTTTSSTTSSTTTTTTTTTTTTTTTTTTTTTTTTPPP
PPPTTTTTTTTSMSSSSSSSMSTTTTTTSSTAATTTSSSSSTSTTSSTSTTTTTTTTTTTTTTTTTTTSSTTSSTTTTTTTTTTTTTTTTTTTTTTTPPP
PPPTTTTTTTTSMSSSSSSSSSTTTTTTTSSAAKTTTTSTSSSSSSSSSSTTTTTTTTTTTTTTTTTSSTTSSSSTTTTTTTTTTTTTTTTTTTTTTPPP
PPPTTTTTTTTSMSSSSSSSMSTTTTTTSSTAATTTTTTTTSTSSTTSTSSTTTTTTTTTTTTTTTSSTTTTSSSSTTTTTTTTTTTTTTSSTTTSSPPP
PPPTTTTTTTTSSSSSSSSSMSTTTTTSSTAATTTTTTTTTTTTTTTTTTSSTTTSSTTTTTTTTTTSSTTTTSSTTTTTTTSSTSTTSSSSSTSSSPPP
PPPTTTTTTTTSSSSSSSSSMSTTTTTTSSTTTTTTTTTTTTTTTTTTTTTSSTSSSSTTTTTTTTTTTSTTSSSSSTSSTSSSSSSSSSTTSSSTTPPP
PPPTTTTTTTTSMSSSSSSSMSTTTTTTTSSTTTTTTTTTTTTTTTTTTTTTSSSTTSSTTSSSSTSSSSSSTSSSSSSSSSTTSTSSTTTTTSTTTPPP
PPPTTTTTTTTSMMMMMMMMMSTTTTTTSSTTTTTTTTTTTTTTTTTTTTTTTSTTTTSSSSSSSSSSSTSSSTSSTSTTSTTTTTTTTTTTTTTTTPPP
PPPTTTTTTTTSSSSSSSSSSSBBSSSSSSSSSSSTTTTTTTTTTTTTTTTTTTKTTTTSSTTTTSTTSSTTSSSTTTTTTTTTTTTTTTTTTTTTTPPP
PPPTTTTTTTTTTTTTTTBBBBBBSMMMMMMMMMSTTTTTTTTTTTTTTTTTTTTTTTTTSTTTSTTTSSTTTSSSTTTTTTTTSTTSSTTTTTTTTPPP
PPPTTTKTTTTTTTTTTTBBBBBBSMSSSSSSSMSTTTTTTTTTTTTTTTTTTTTTTTTSSSSSSSTSTSSSSSSSSTTTTTTSSSSSSSTTTTTTTPPP
PPPTTTTTTTTTTTTTTTBBBBBBSMSSSSSSSMSTTTTTTTTTTTTTTTTTTTTTTTSSTSSSBSSSSSBSSBSSSSBSSTSSTSSTTSSTSSTSSPPP
PPPTTTTTTTTTTTTTTTBBBBBBSMSSSSSSSSSTTTTTTTTTTTTTTTTTTTTSTSSTTTBBBBSBBSSBSBSSBSSSSSSTTTTTTTSSSSSSSPPP
PPPTTTTTTTTTTTTTTTBBBBBBSMSSSSSSSMSTTTTTTTTTTTTTTTSTTTSSSSTTTTBBBBBBBSSBBSSBBBSBTSTTTTTTTTTSTTSTTPPP
PPPTTTTTTTTTTTTTTTBBBBBBSSSSSSSSSMSTTTTTTTTTTTTTTSSSSSSTSTTTTTBBBBBBSSBBSSBBBBBBTTTTTTTTTKTTTTTTTPPP
PPPTTTTTTTTTTTTTTTBBBBBBSSSSSSSSSMSTTTTTTTTTTTTSSSTSSSTTTTTTTTBBBBBBSSBSSSSBBBBBTTTTTTTTTTTTTTTTTPPP
PPPTTTTTTTTTTTTTTTBBBBBBSMSSSSSSSMSTTTKTTTSSTSSSSTTTTTTTTTTTTTBBBBBSSSSSBSSBBBBBTTTTTTTTTTTTTTTTTPPP
PPPTTTTTTTTTTTTTTTBBBBBBSMMMMMMMMMSTTTTTTSSSSSSTTTTTTTTTTTTTTTBBBBBBSSSBSSBBBBBBTTTTTTTTTTTTTTTTTPPP
PPPTTTTTTTTTTTTTTTTTTTTTSSSSSSSSSSSSTTTSSSTTSTTTTKTTTTTTTTTTTTBBBBBBSSSSSSBBBBBBTTTTTTTTTTTTTTTTTPPP
PPPTTTTTTTTTTTTTTTTTTTTTTTTTSSTTTTSSSTSSSTTTTTTTTTTTTTTTTTTTTTBBBBBSSBBSSBBBBBBBTTTTTTTTTTTTTTTTTPPP
PPPTBBBBBBBBBBBBBBTSTSTTTSTSSAATSSSTSSSTTTTTTTTTTTTTTTTTTTTTTTBBBBBSSBSSSSBBBBBBTTTTTTTTTTTTTTTTTPPP
PPPTBBBBSBBBSSBBBBSSSSSTSSSSAASSSSTTTSTTTTTTTTTTTTTTTTTTTTTTTTBBBBBSSBBSSSSBBBBBTTTTTTTTTTTTTTTTTPPP
PPPTBBBSSSSSSSSSBSSTSTSSSSSAATSSTTTTTATTTTTTTTTTTTTTTTTTTTTTTTBBBBBSSBSSBSSBBBBBTTTTTTTTTTTTTTTTTPPP
PPPTSBSSSSSSSBSSSSTTTTTSSSTTAATTTTTTAAAATTTTTTTTTATTTTTTTTTTTTBBBBSSBSSBSSBBBBBBTTTTTTTTTTTTTTTTTPPP
PPPSSSSBBBSSBBBSSBTTTTTSSTAAAAATTATAATAAATTTTTTAAAATTTTTTTTTTTBBBBBSSSSBSSBBBBBBTTTTTTTTTTTTTTTTTPPP
PPPSBSBBBBBBABBBBBTATAATSSSATAAAAAAAKTTTAATTAAAAATAAAATTTTTTTABAABBBBSSSSBBBBBBBTTTTTTTTTTTTTTTTTPPP
PPPTBBBBBBBAAAABBAAAAAASSTTSSATAATATTTTTTAAAAAATTTTAAAAATTAAAAAAAABBSSSSSSBBSBBBTTTTTTTTTTTTTTTTTPPP
PPPTBBBBBAAABAAAAAATATTTTSSSSSTTTTTTTTTTTTAATTTTTTTTTTAATAAAATABBABBSSSSSSSSSSBATTSTTTTTTTTTTTTTTPPP
PPPTABAAAAABBBBAABTTTSTSSSSTTSSTTTTTTTTTTTTTTTTTTTTTTTTSSASTTTBBBBSSSSSSSSSSBSSASSSSTTATTTTTSTTTAPPP
PPPAAAAAABBBBBBBSSTSSSSSSTTTTTSSTTTTTTTTTTTTTTTTTTTTTSSSSSSSTSSSTSSSSSTSSTTTTTSSSSTSSSATTTTSSSTAAPPP
PPPABABBBBBBSSBSSSSSSTSTSSTTTAASSTTTTTTTTTTTTTTSTTTSSSSTTSTSSSSSSSTSSKSSTTTTTTTSTTTTSSSSSSSSTSSATPPP
PPPTBBBBBBSSSSSSBBSTTTTTSSTTAATTSSSTTTTTTTTSTSSSSSSSSTTTTTTTSTTTSTSSTTTSSTTTTTTTTTTTTTSSSSSTTTSSTPPP
PPPTBBBBBSSSBBSKBBTKTTTKTSSTTAATTSSSTSSTSSSSSSSTSSSTTTTTTTTTTTTTKTTSSTTTSSTTTTTTTTTTTTTTTTTTTTTSSPPP
PPPTSBBBSSBBBBBBBBTKTTTTSSTTAATTTTTSSSSSSSSTSTTTTTTTTTTTTTTTTTTTTTTSSTTTSSTTTTTTTKTTTTTTTTTTTTTTSPPP
PPPSSSSSSSSMMMMMMMMMMMMMMSSMAMMMMMMMMMMMMMMMMMMMMMMMMMMMMMMMMMMMMSSMMMMMMMMMMMMMMMMMMMMMMMMMMMSSSPPP
PPPSTSSSTTTTTTTTTTTTTTTTTSSTAATTTTTTTTTTTTTTTTTTTTTTTTTTTTTTTTTTTSSTTTTTSSTTTTTTTTTTTTTTTTTTTTTTTPPP
PPPTTTTTTTTTTTTTTTTTTTTTTSSAATTTTTTTTTTTTTTTTTTSSSSSSSSSSSTTTTTTTTSSTTTSSTTTTTTTTTTTTTTTTTTTTTTTTPPP
PPPTTTTTTTTTTTTTTTTTTTTTTSSTTTTTTTTTTTTTTTTTTTTSMMMMMMMMMSTTTTTTTTTSSTTTSSTTTTTTTTTTTTTTTTTTTTTTTPPP
PPPTTTTTTTTTTTTTTTTTTTTTTTSSTTTTTTTTTTTTTTTTTTTSMSSSSSSSMSTTTTTTTTTSSTTTSSTTTTTTTTTTTTKTTTTTTTTTTPPP
PPPTTTTTTTTTTTTTTTTTTTTTTTTSSTTTTTTTTAAAAAAAATTSMSSSSSSSMSTTTTTTTTTTSSTSSTTTTTTTTTTTTTTTTTTTTTTTTPPP
PPPTTTTTTTTTTTTTTTTTTTTTTTAASSTTTTTTTAAAAAAAATTSSSSSSSSSMSTTTTTTTTTTTSSTSSTTTTTTTTTTTTTTTTTTTTTTTPPP
PPPTTTTTTTTTTTTTTTTTTTTTTTTAASSTTTTTTAAAAAAAATTSMSSSSSSSMSTTTTTTTTTTSSTSSSSTTTTTTTTTTTTTTTTTTTTTTPPP
PPPTTTTTTTTTTTTTTTTTTTTTTTTTSSTTTTTTTAAAAAAAATTSMSSSSSSSMSTTTTTTTTTTSSTTSSSSTTTTTTTTTTTTTTTTTTTTTPPP
PPPTTTTTTTTTTTTTTTTTTTTTTTTSSTTTTTTTTAAAAAAAATTSMSSSSSSSSSTTTTTTTTTTTSSSSTSSTTTTTTTTTTTTTTTTTTTTTPPP
PPPTTTTTTTTTTTTTTTTTTTTTTTSSTTTTTTTTTAAAAAAAATTSMSSSSSSSMSTTTTTTTTTTTSSTTSSTTTTTTTTTTTTTTTTTTTTTTPPP
PPPTTTTTTTTTTTTTTTTTTTTTTTSSTTTTTTTTTAAAAAAAATTSMMMMMMMMMSTTTTTTTTTTTSSTTTSSTTTTTTTTTTTTTTTTTTTTTPPP
PPPTTTTTTTTTTTTTTTTTTTTTTTTSSTTTTTTTTAAAAAAAATTSSSSSSSSSSSTTTTTTTTTTSSSSTTSSTTTTTTTTTTTTTTTTTTTTTPPP
PPPTTTTTTTTTTTTTTTTTTTTTTTSSTTTTTTTTTTTTTTTTTTTTTTTTTTTTTTTTTTTTTTTTSSSSTSSTTTTTTTTTTTTTTTTTTTTTTPPP
PPPTTTTTTTTTTTTTTTTTTTTTTTTSSTTTTTTTTTTTTTTTTTTTTTTTTTTTTTTTTTTTTTTSSTSSSSTTTTTTTTTTTTTTTTTTTTTTTPPP
PPPTTTTTTTTTTTTTTTTKTTTTTTTTSSTTTTTTTTTTTTTTTTTTTTTTTTTTTTTTTTTTTTSSTSSTSSTTTTTTTTTTTTTTTTTTTTTTTPPP
PPPTTTTTTTTTTTTTTTTTTTTTTTTAASSTTTTTTTTTTTTTTTTTTTTTTTTTTTTTTTTTTTSSTSSSSTTTTTTTTTTTTTTTTTTTTTTTTPPP
PPPTTTTTTTTTTTTTTTTTTTTTTTTAASSTTTTTTTTTTTTTTTTTTTTTTTTTTTTTTTTTTTSSTTSSTTTTTTTTTTTTTTTTTTTTTTTTTPPP
PPPTTTTTTTTTTTTTTTTTTTTTTTTTSSTTTTTTTTTTTTTTTTKTTTTTTTTTTTTTTTTTTTTSSTSSTTTTTTTTTTTTTTTTTTTTTTTTTPPP
PPPPPPPPPPPPPPPPPPPPPPPPPPPPPPPPPPPPPPPPPPPPPPPPPPPPPPPPPPPPPPPPPPPPPPPPPPPPPPPPPPPPPPPPPPPPPPPPPPPP
PPPPPPPPPPPPPPPPPPPPPPPPPPPPPPPPPPPPPPPPPPPPPPPPPPPPPPPPPPPPPPPPPPPPPPPPPPPPPPPPPPPPPPPPPPPPPPPPPPPP
PPPPPPPPPPPPPPPPPPPPPPPPPPPPPPPPPPPPPPPPPPPPPPPPPPPPPPPPPPPPPPPPPPPPPPPPPPPPPPPPPPPPPPPPPPPPPPPPPPPP
